--- WARNING: GDB cannot open serial ports accessed as COMx
--- NOTE: Using \\.\COM3 instead...
--- esp-idf-monitor 1.10.0 on \\.\COM3 115200
--- Quit: Ctrl+] | Menu: Ctrl+T | Help: Ctrl+T followed by Ctrl+H
ESP-ROM:esp32s3-20210327
Build:Mar 27 2021
rst:0x15 (USB_UART_CHIP_RESET),boot:0x28 (SPI_FAST_FLASH_BOOT)
Saved PC:0x4037edca
--- 0x4037edca: esp_cpu_wait_for_intr at C:/esp/v6.1/esp-idf/components/esp_hw_support/cpu.c:64
SPIWP:0xee
mode:DIO, clock div:1
load:0x3fce2820,len:0x1664
load:0x403c8700,len:0xf7c
load:0x403cb700,len:0x31ec
entry 0x403c892c
I (24) boot: ESP-IDF v6.1 2nd stage bootloader
I (24) boot: compile time Sep 26 2026 19:57:36
I (25) boot: Multicore bootloader
I (25) boot: chip revision: v0.2
I (27) boot: efuse block revision: v1.4
I (31) qio_mode: Enabling default flash chip QIO
I (35) boot.esp32s3: Boot SPI Speed : 80MHz
I (39) boot.esp32s3: SPI Mode       : QIO
I (43) boot.esp32s3: SPI Flash Size : 8MB
I (47) boot: Enabling RNG early entropy source...
I (51) boot: Partition Table:
I (54) boot: ## Label            Usage          Type ST Offset   Length
I (60) boot:  0 nvs              WiFi data        01 02 00009000 00014000
I (67) boot:  1 otadata          OTA data         01 00 0001d000 00002000
I (73) boot:  2 phy_init         RF data          01 01 0001f000 00001000
I (80) boot:  3 ota_0            OTA app          00 10 00020000 00300000
I (86) boot:  4 ota_1            OTA app          00 11 00320000 00300000
I (93) boot:  5 storage          Unknown data     01 82 00620000 001e0000
I (99) boot: End of partition table
I (103) esp_image: segment 0: paddr=00020020 vaddr=3c100020 size=30754h (198484) map
I (141) esp_image: segment 1: paddr=0005077c vaddr=3fc9d100 size=05b7ch ( 23420) load
I (145) esp_image: segment 2: paddr=00056300 vaddr=40374000 size=09d18h ( 40216) load
I (154) esp_image: segment 3: paddr=00060020 vaddr=42000020 size=fcf48h (1036104) map
I (315) esp_image: segment 4: paddr=0015cf70 vaddr=4037dd18 size=0f38ch ( 62348) load
I (327) esp_image: segment 5: paddr=0016c304 vaddr=50000000 size=0008ch (   140) load
I (328) esp_image: segment 6: paddr=0016c398 vaddr=600fe000 size=0006ch (   108) load
I (342) boot: Loaded app from partition at offset 0x20000
I (342) boot: Disabling RNG early entropy source...
I (353) octal_psram: vendor id    : 0x0d (AP)
I (353) octal_psram: dev id       : 0x02 (generation 3)
I (353) octal_psram: density      : 0x03 (64 Mbit)
I (355) octal_psram: good-die     : 0x01 (Pass)
I (360) octal_psram: Latency      : 0x01 (Fixed)
I (364) octal_psram: VCC          : 0x01 (3V)
I (368) octal_psram: SRF          : 0x01 (Fast Refresh)
I (373) octal_psram: BurstType    : 0x01 (Hybrid Wrap)
I (378) octal_psram: BurstLen     : 0x01 (32 Byte)
I (382) octal_psram: Readlatency  : 0x02 (10 cycles@Fixed)
I (388) octal_psram: DriveStrength: 0x00 (1/1)
I (392) MSPI Timing: Enter psram timing tuning
I (397) esp_psram: Found 8MB PSRAM device
I (400) esp_psram: Speed: 80MHz
I (403) cpu_start: Multicore app
I (832) esp_psram: SPI SRAM memory test OK
I (840) cpu_start: GPIO 44 and 43 are used as console UART I/O pins
I (840) cpu_start: Pro cpu start user code
I (840) cpu_start: cpu freq: 240000000 Hz
I (842) app_init: Application information:
I (846) app_init: Project name:     peripherals_test_suite
I (851) app_init: App version:      2ec4150
I (855) app_init: Compile time:     Sep 26 2026 23:44:04
I (860) app_init: ELF file SHA256:  4bcb2e311...
I (864) app_init: ESP-IDF:          v6.1
I (868) efuse_init: Min chip rev:     v0.0
I (872) efuse_init: Max chip rev:     v0.99 
I (876) efuse_init: Chip rev:         v0.2
I (880) heap_init: Initializing. RAM available for dynamic allocation:
I (886) heap_init: At 3FCB74B0 len 00032260 (200 KiB): RAM
I (891) heap_init: At 3FCE9710 len 00005724 (21 KiB): RAM
I (896) heap_init: At 3FCF0000 len 00008000 (32 KiB): DRAM
I (901) heap_init: At 600FE06C len 00001F7C (7 KiB): RTCRAM
I (907) esp_psram: Adding pool of 8192K of PSRAM memory to heap allocator
I (914) spi_flash: detected chip: gd
I (917) spi_flash: flash io: qio
I (920) sleep_gpio: Configure to isolate all GPIO pins in sleep state
I (926) sleep_gpio: Enable automatic switching of GPIO sleep configuration
I (941) main_task: Started on CPU0
I (944) esp_psram: Reserving pool of 32K of internal memory for DMA/internal allocations
I (952) main_task: Calling app_main()
I (955) test_suite: ==================================================
I (961) test_suite:   ESP32-S3 ePaper BSP Staged Verification Suite    
I (968) test_suite: ==================================================
I (974) bsp_rtc_mem: RTC Slow Memory uninitialized or invalid (magic 0x00000000); re-initializing
I (982) test_suite: [BOOT INFO] Reset Reason: 11, Wake Cause: 0, Recommended Mode: 0, Boot Count: 1, Silicon: v0.2
I (993) test_suite: >>> [COLD BOOT] Clearing NVS Partition & Initializing Subsystems (FULL Mode) <<<
I (1531) bsp_rtc_mem: RTC Slow Memory valid (Boot count: 2, Deep sleep count: 0)
I (1531) bsp_rtc_mem: RTC Slow Memory valid (Boot count: 3, Deep sleep count: 0)
I (1534) bsp_common: Executing Dynamic Init Profile: FULL (Cold Boot)
I (1540) bsp_common: Initializing ESP32-S3 ePaper BSP Subsystems (v0.1.0)...
I (1623) bsp_common: All board IO pins configured and latched to safe defaults
I (1623) bsp_power: Initializing Battery ADC Monitor (GPIO 4 / ADC1_CH3)
I (1625) bsp_power: ADC Calibration curve successfully registered
I (1631) bsp_button: Buttons initialized (BOOT GPIO0, POWER GPIO18)
I (1637) bsp_nvs: Initializing NVS Flash Subsystem
I (1656) bsp_i2c: Shared I2C master bus initialized (SDA: 47, SCL: 48 @ 400kHz)
I (1659) bsp_rtc: PCF85063A RTC initialized (12.5pF crystal, 24h mode, INT pin GPIO 5)
I (1661) bsp_time: Synchronized ESP32 system clock from PCF85063A RTC: 2026-09-27 00:53:38
I (1668) bsp_sensors: Initializing SHTC3 Environmental Sensor on I2C 0x70
I (1676) bsp_sensors: SHTC3 Sensor detected successfully (ID: 0x0887)
W (1732) gpio: conflict found for GPIO[46]
I (1738) ES8311: Work in Slave mode
I (1741) I2S_IF: No paired data, current mode: playback
I (1741) I2S_IF: STD: TX, data_bit: 16, slot_bit: 16, ws_width: 16, slot_mode: MONO, slot_mask: 0x1
I (1744) I2S_IF: STD: TX, sample_rate_hz: 16000, mclk_multiple: 256, clk_src: 6
I (1767) Adev_Codec: Open codec device OK
I (1768) bsp_audio: ES8311 mono audio subsystem initialized successfully
I (1839) bsp_display: SSD1681 1.54-inch EPD initialized successfully
I (1843) bsp_lvgl: LVGL v9 port initialized in 1-bit monochrome mode
I (1843) bsp_lvgl: LVGL background task started (Priority 5, Core 1)
I (1843) bsp_lvgl: LVGL port task active
I (1846) bsp_common: Device Hardware Unique ID: ESP32S3-6ED30FE8
I (1856) bsp_common: ESP32-S3 ePaper Board initialized successfully
I (1862) test_suite: [PASS 1/15] Board Subsystems Initialized Successfully
I (1868) test_suite: [INFO] Device ID: ESP32S3-6ED30FE8, Name: HumidOS-0FE8, Silicon Revision: v0.2 (v0.2)
I (1880) bsp_common: ==================================================
I (1884) bsp_common:   ESP32-S3 ePaper BSP System Diagnostics
I (1889) bsp_common: ==================================================
I (1896) bsp_common:   BSP Version:          0.1.0
I (1900) bsp_common:   Silicon Chip:         ESP32-S3 (v0.2, 2 Cores)
I (1906) bsp_common:   Uptime:               0 s
I (1911) bsp_common:   Internal Heap Free:   218923 B (Min Free: 186892 B)
I (1917) bsp_common:   PSRAM Free:           8384260 B
I (1922) bsp_common:   Battery:              4144 mV (93%)
I (1927) bsp_common:   Power Rail Hold:      ACTIVE (HIGH)
I (1933) bsp_common:   I2C Sensor Bus:       HEALTHY
I (1937) bsp_common:   Display Framebuffer:  INITIALIZED
I (1942) bsp_common:   Wi-Fi Station:        DISCONNECTED (RSSI: 0 dBm)
I (1949) bsp_common: ==================================================
I (1955) test_suite: [PASS 2/15] System Identification & Diagnostics API Verified
I (1964) test_suite: [PASS 3/15] Battery Voltage: 4142 mV (93%)
I (1984) test_suite: [PASS 4/15] SHTC3 Sensor: Temp = 28.94 C (84.10 F), Humidity = 40.27 %RH
I (1985) test_suite: [PASS 5/15] PCF85063A RTC: 2026-09-27 00:53:38 (DOW: 0)
I (1989) bsp_time: Synchronized ESP32 system clock from PCF85063A RTC: 2026-09-27 00:53:38
I (1997) test_suite: [PASS 5/15] PCF85063A 8-Bit NVRAM Read/Write Verified (0xAB)
I (2004) test_suite: [PASS 6/15] RTC Slow Memory Valid: Boot Count=3, Deep Sleeps=0, Light Sleeps=0
I (2012) test_suite: [PASS 6/15] RTC Scratchpad Persistence Verified: 'HumidOS_SelfTest_OK'
I (2020) test_suite: [PASS 7/15] Hardware Buttons (BOOT & POWER) Event Handlers Active
I (2029) test_suite: [PASS 8/15] Audio Codec & Chime Generator Verified
I (2035) bsp_time: System timezone set to: EST5EDT,M3.2.0,M11.1.0
I (2041) test_suite: [PASS 9/15] Time Formats: 24h=[20:53:38, 20:53], 12h=[08:53:38 PM, 08:53 PM]
I (2049) test_suite: [PASS 9/15] Date Formats: Date=[09/26/26], DOW=[Saturday], Full=[09/26/26 Saturday]
I (2058) test_suite: [PASS 10/15] ThingsBoard Telemetry Struct Schema (4 Generic Entries Formatted)
I (2067) test_suite: [PASS 11/15] Unambiguous Keys Generated: 8-char PoP='ow8W8e7c', 6-char Claim='UCQpCH'
I (2079) test_suite: [PASS 12/15] NVS Key-Value Persistence Verified (u32=42, str='HumidOS_NVS_OK')
I (2086) SD_HOST: src_freq_hz: 160000000
E (2116) sdmmc_common: sdmmc_init_ocr: send_op_cond (1) returned 0x107
E (2117) vfs_fat_sdmmc: sdmmc_card_init failed (0x107).
E (2117) vfs_fat_sdmmc: esp_vfs_fat_sdmmc_sdcard_init failed (0x107).
I (2123) bsp_sdcard: No SD card detected in slot
W (2127) test_suite: [SKIP 13/15] MicroSD Slot Empty / Not Inserted (Status: ESP_ERR_NOT_FOUND)
I (2136) bsp_wifi: Initializing Wi-Fi Subsystem (Station Mode)
I (2142) pp: pp rom version: e7ae62f
I (2145) net80211: net80211 rom version: e7ae62f
I (2151) wifi:wifi driver task: 3fcca1d0, prio:23, stack:6656, core=0
I (2158) wifi:wifi firmware version: e12a754
I (2159) wifi:wifi certification version: v7.0
I (2163) wifi:config NVS flash: enabled
I (2167) wifi:config nano formatting: disabled
I (2171) wifi:Init data frame dynamic rx buffer num: 32
I (2176) wifi:Init static rx mgmt buffer num: 5
I (2180) wifi:Init management short buffer num: 32
I (2184) wifi:Init dynamic tx buffer num: 32
I (2189) wifi:Init static tx FG buffer num: 2
I (2193) wifi:Init static rx buffer size: 1600
I (2197) wifi:Init static rx buffer num: 10
I (2201) wifi:Init dynamic rx buffer num: 32
I (2205) wifi_init: rx ba win: 6
I (2208) wifi_init: accept mbox: 6
I (2211) wifi_init: tcpip mbox: 32
I (2214) wifi_init: udp mbox: 6
I (2217) wifi_init: tcp mbox: 6
I (2220) wifi_init: tcp tx win: 5760
I (2223) wifi_init: tcp rx win: 5760
I (2226) wifi_init: tcp mss: 1440
I (2229) wifi_init: WiFi IRAM OP enabled
I (2233) wifi_init: WiFi RX IRAM OP enabled
I (2238) phy_init: phy_version 712,87e8c20e,Apr 13 2026,18:51:10
W (2243) phy_init: failed to load RF calibration data (0x1102), falling back to full calibration
I (2285) phy_init: Saving new calibration data due to checksum failure or outdated calibration data, mode(2)
I (2295) wifi:mode : sta (ac:27:6e:d3:0f:e8)
I (2295) wifi:enable tsf
I (2296) test_suite: Starting passive Wi-Fi scan...
I (5097) bsp_wifi: Wi-Fi scan completed. Discovered 3 APs
I (5097) test_suite: [PASS 14/15] Wi-Fi Subsystem Operational. Found 3 Access Points in scan
I (5099) test_suite: Rendering Test UI & QR Code to E-Paper display...
I (5153) bsp_prov: Rendered QR code (52x52 px) with payload: {"ver":"v1","name":"PROV_ESP32S3-6ED30FE8","pop":"HumidOS-1.0.0-OK","transport":"ble"}
I (5155) test_suite: [PASS 15/15] E-Paper Display & LVGL Rendering Operational
I (5162) test_suite: ==================================================
I (5168) test_suite:   STATIC TESTS COMPLETE -> WAITING FOR BOOT CLICK 
I (5175) test_suite:   Press BOOT (GPIO0) to execute LS-1              
I (5181) test_suite: ==================================================
I (5187) main_task: Returned from app_main()
I (43091) test_suite: >>> Button Event: [BOOT] -> CLICK (Current Stage: 1) <<<
I (43091) test_suite: ==================================================
I (43093) test_suite:   [STAGE 1/4] Executing LS-1: Internal Timer (3s)  
I (43100) test_suite: ==================================================
I (43154) bsp_prov: Rendered QR code (52x52 px) with payload: {"ver":"v1","name":"PROV_ESP32S3-6ED30FE8","pop":"HumidOS-1.0.0-OK","transport":"ble"}
I (43657) wifi:flush txq
I (43657) wifi:stop sw txq
I (43657) wifi:lmac stop hw txq
I (43774) bsp_power: Entering Light Sleep for 3 seconds...
--- ERROR: ClearCommError failed (PermissionError(13, 'The device does not recognize the command.', None, 22))
--- Waiting for the device to reconnect.........
I (1020) bsp_common: Initializing ESP32-S3 ePaper BSP Subsystems (v0.1.0)...
I (1102) bsp_common: All board IO pins configured and latched to safe defaults
I (1102) bsp_power: Initializing Battery ADC Monitor (GPIO 4 / ADC1_CH3)
I (1104) bsp_power: ADC Calibration curve successfully registered
I (1110) bsp_button: Buttons initialized (BOOT GPIO0, POWER GPIO18)
I (1116) bsp_nvs: Initializing NVS Flash Subsystem
I (1154) bsp_i2c: Shared I2C master bus initialized (SDA: 47, SCL: 48 @ 400kHz)
I (1157) bsp_rtc: PCF85063A RTC initialized (12.5pF crystal, 24h mode, INT pin GPIO 5)
I (1159) bsp_time: Synchronized ESP32 system clock from PCF85063A RTC: 2026-09-27 00:55:02
I (1166) bsp_sensors: Initializing SHTC3 Environmental Sensor on I2C 0x70
I (1174) bsp_sensors: SHTC3 Sensor detected successfully (ID: 0x0887)
I (1249) bsp_display: SSD1681 1.54-inch EPD initialized successfully
I (1253) bsp_lvgl: Wake cycle detected: LVGL first flush configured for fast partial update
I (1253) bsp_lvgl: LVGL v9 port initialized in 1-bit monochrome mode
I (1258) bsp_lvgl: LVGL background task started (Priority 5, Core 1)
I (1258) bsp_lvgl: LVGL port task active
I (1264) bsp_common: Device Hardware Unique ID: ESP32S3-6ED30FE8
I (1274) bsp_common: ESP32-S3 ePaper Board initialized successfully
I (1297) test_suite: [HEALTH CHECK] I2C Sensor: HEALTHY (T=29.7 C, RH=42.4%), Battery: HEALTHY (4138 mV)
I (1297) test_suite: [PASS DS-1] Deep Sleep + Internal Timer Wake Verified in FAST Mode!
I (1914) bsp_prov: Rendered QR code (52x52 px) with payload: {"ver":"v1","name":"PROV_ESP32S3-6ED30FE8","pop":"HumidOS-1.0.0-OK","transport":"ble"}
I (1917) main_task: Returned from app_main()
I (11890) test_suite: >>> Button Event: [BOOT] -> CLICK (Current Stage: 5) <<<
I (11890) test_suite: ==================================================
I (11892) test_suite:   [STAGE 4/4] Entering DS-2: Ext RTC (4s) -> MIN  
I (11899) test_suite: ==================================================
I (11953) bsp_prov: Rendered QR code (52x52 px) with payload: {"ver":"v1","name":"PROV_ESP32S3-6ED30FE8","pop":"HumidOS-1.0.0-OK","transport":"ble"}
I (12966) bsp_power: Entering Deep Sleep for 4 seconds...
--- ERROR: ClearCommError failed (PermissionError(13, 'The device does not recognize the command.', None, 22))
--- Waiting for the device to reconnect.
I (1082) bsp_common: All board IO pins configured and latched to safe defaults
I (1097) bsp_i2c: Shared I2C master bus initialized (SDA: 47, SCL: 48 @ 400kHz)
I (1098) bsp_rtc_mem: RTC Slow Memory valid (Boot count: 7, Deep sleep count: 2)
I (1101) bsp_common: Executing Dynamic Init Profile: MIN (Lean Telemetry + Display)
I (1108) bsp_common: Initializing ESP32-S3 ePaper BSP Subsystems (v0.1.0)...
I (1115) bsp_power: Initializing Battery ADC Monitor (GPIO 4 / ADC1_CH3)
I (1121) bsp_power: ADC Calibration curve successfully registered
I (1127) bsp_button: Buttons initialized (BOOT GPIO0, POWER GPIO18)
I (1133) bsp_nvs: Initializing NVS Flash Subsystem
I (1158) bsp_rtc: PCF85063A RTC initialized (12.5pF crystal, 24h mode, INT pin GPIO 5)
I (1159) bsp_time: Synchronized ESP32 system clock from PCF85063A RTC: 2026-09-27 00:55:15
I (1163) bsp_sensors: Initializing SHTC3 Environmental Sensor on I2C 0x70
I (1170) bsp_sensors: SHTC3 Sensor detected successfully (ID: 0x0887)
I (1245) bsp_display: SSD1681 1.54-inch EPD initialized successfully
I (1249) bsp_lvgl: LVGL v9 port initialized in 1-bit monochrome mode
I (1249) bsp_lvgl: LVGL background task started (Priority 5, Core 1)
I (1249) bsp_lvgl: LVGL port task active
I (1252) bsp_common: Device Hardware Unique ID: ESP32S3-6ED30FE8
I (1262) bsp_common: ESP32-S3 ePaper Board initialized successfully
I (1285) test_suite: [HEALTH CHECK] I2C Sensor: HEALTHY (T=29.8 C, RH=42.8%), Battery: HEALTHY (4138 mV)
I (1285) test_suite: [PASS DS-2] Deep Sleep + External RTC Wake Verified in MIN Mode! (TF=0)
I (1292) test_suite: ==================================================
I (1298) test_suite:   ALL STATIC & SLEEP/WAKE TESTS PASSED 100%       
I (1304) test_suite: ==================================================
I (2702) bsp_prov: Rendered QR code (52x52 px) with payload: {"ver":"v1","name":"PROV_ESP32S3-6ED30FE8","pop":"HumidOS-1.0.0-OK","transport":"ble"}
I (7705) test_suite: [Heartbeat 1] System Normal. Silicon: v0.2, Deep Sleeps: 2, Light Sleeps: 2
I (12705) test_suite: [Heartbeat 2] System Normal. Silicon: v0.2, Deep Sleeps: 2, Light Sleeps: 2
I (17705