I (24) boot: ESP-IDF v6.1 2nd stage bootloader
I (24) boot: compile time Sep 26 2026 19:57:36
I (25) boot: Multicore bootloader
I (25) boot: chip revision: v0.2
I (27) boot: efuse block revision: v1.4
I (31) qio_mode: Enabling default flash chip QIO
I (35) boot.esp32s3: Boot SPI Speed : 80MHz
I (39) boot.esp32s3: SPI Mode       : QIO
I (43) boot.esp32s3: SPI Flash Size : 8MB
I (47) boot: Enabling RNG early entropy source...
I (51) boot: Partition Table:
I (54) boot: ## Label            Usage          Type ST Offset   Length
I (60) boot:  0 nvs              WiFi data        01 02 00009000 00014000
I (67) boot:  1 otadata          OTA data         01 00 0001d000 00002000
I (73) boot:  2 phy_init         RF data          01 01 0001f000 00001000
I (80) boot:  3 ota_0            OTA app          00 10 00020000 00300000
I (86) boot:  4 ota_1            OTA app          00 11 00320000 00300000
I (93) boot:  5 storage          Unknown data     01 82 00620000 001e0000
I (99) boot: End of partition table
I (103) esp_image: segment 0: paddr=00020020 vaddr=3c100020 size=30454h (197716) map
I (141) esp_image: segment 1: paddr=0005047c vaddr=3fc9d100 size=05b7ch ( 23420) load
I (145) esp_image: segment 2: paddr=00056000 vaddr=40374000 size=0a018h ( 40984) load
I (154) esp_image: segment 3: paddr=00060020 vaddr=42000020 size=fcc34h (1035316) map
I (314) esp_image: segment 4: paddr=0015cc5c vaddr=4037e018 size=0f08ch ( 61580) load
I (327) esp_image: segment 5: paddr=0016bcf0 vaddr=50000000 size=0008ch (   140) load
I (328) esp_image: segment 6: paddr=0016bd84 vaddr=600fe000 size=0006ch (   108) load
I (342) boot: Loaded app from partition at offset 0x20000
I (342) boot: Disabling RNG early entropy source...
I (353) octal_psram: vendor id    : 0x0d (AP)
I (353) octal_psram: dev id       : 0x02 (generation 3)
I (353) octal_psram: density      : 0x03 (64 Mbit)
I (355) octal_psram: good-die     : 0x01 (Pass)
I (359) octal_psram: Latency      : 0x01 (Fixed)
I (364) octal_psram: VCC          : 0x01 (3V)
I (368) octal_psram: SRF          : 0x01 (Fast Refresh)
I (373) octal_psram: BurstType    : 0x01 (Hybrid Wrap)
I (378) octal_psram: BurstLen     : 0x01 (32 Byte)
I (382) octal_psram: Readlatency  : 0x02 (10 cycles@Fixed)
I (387) octal_psram: DriveStrength: 0x00 (1/1)
I (392) MSPI Timing: Enter psram timing tuning
I (396) esp_psram: Found 8MB PSRAM device
I (399) esp_psram: Speed: 80MHz
I (402) cpu_start: Multicore app
I (831) esp_psram: SPI SRAM memory test OK
I (840) cpu_start: GPIO 44 and 43 are used as console UART I/O pins
I (840) cpu_start: Pro cpu start user code
I (840) cpu_start: cpu freq: 240000000 Hz
I (842) app_init: Application information:
I (846) app_init: Project name:     peripherals_test_suite
I (851) app_init: App version:      2ec4150
I (855) app_init: Compile time:     Sep 26 2026 23:44:04
I (860) app_init: ELF file SHA256:  0779a36f2...
I (864) app_init: ESP-IDF:          v6.1
I (868) efuse_init: Min chip rev:     v0.0
I (872) efuse_init: Max chip rev:     v0.99 
I (876) efuse_init: Chip rev:         v0.2
I (880) heap_init: Initializing. RAM available for dynamic allocation:
I (886) heap_init: At 3FCB74B0 len 00032260 (200 KiB): RAM
I (891) heap_init: At 3FCE9710 len 00005724 (21 KiB): RAM
I (896) heap_init: At 3FCF0000 len 00008000 (32 KiB): DRAM
I (901) heap_init: At 600FE06C len 00001F7C (7 KiB): RTCRAM
I (907) esp_psram: Adding pool of 8192K of PSRAM memory to heap allocator
I (914) spi_flash: detected chip: gd
I (916) spi_flash: flash io: qio
I (920) sleep_gpio: Configure to isolate all GPIO pins in sleep state
I (926) sleep_gpio: Enable automatic switching of GPIO sleep configuration
I (941) main_task: Started on CPU0
I (944) esp_psram: Reserving pool of 32K of internal memory for DMA/internal allocations
I (952) main_task: Calling app_main()
I (955) test_suite: ==================================================
I (961) test_suite:   ESP32-S3 ePaper BSP Full Verification Suite      
I (968) test_suite: ==================================================
I (974) bsp_rtc_mem: RTC Slow Memory uninitialized or invalid (magic 0x00000000); re-initializing
I (982) test_suite: [BOOT INFO] Reset Reason: 11, Wake Cause: 0, Recommended Mode: 0, Boot Count: 1, Silicon: v0.2
I (993) test_suite: >>> [COLD BOOT] Initializing All Hardware Subsystems (FULL Mode) <<<
I (1000) bsp_rtc_mem: RTC Slow Memory valid (Boot count: 2, Deep sleep count: 0)
I (1007) bsp_rtc_mem: RTC Slow Memory valid (Boot count: 3, Deep sleep count: 0)
I (1015) bsp_common: Executing Dynamic Init Profile: FULL (Cold Boot)
I (1021) bsp_common: Initializing ESP32-S3 ePaper BSP Subsystems (v0.1.0)...
I (1103) bsp_common: All board IO pins configured and latched to safe defaults
I (1103) bsp_power: Initializing Battery ADC Monitor (GPIO 4 / ADC1_CH3)
I (1105) bsp_power: ADC Calibration curve successfully registered
I (1111) bsp_button: Buttons initialized (BOOT GPIO0, POWER GPIO18)
I (1117) bsp_nvs: Initializing NVS Flash Subsystem
I (1157) bsp_i2c: Shared I2C master bus initialized (SDA: 47, SCL: 48 @ 400kHz)
I (1160) bsp_rtc: PCF85063A RTC initialized (12.5pF crystal, 24h mode, INT pin GPIO 5)
I (1162) bsp_time: Synchronized ESP32 system clock from PCF85063A RTC: 2026-09-27 00:18:54
I (1169) bsp_sensors: Initializing SHTC3 Environmental Sensor on I2C 0x70
I (1177) bsp_sensors: SHTC3 Sensor detected successfully (ID: 0x0887)
W (1233) gpio: conflict found for GPIO[46]
I (1239) ES8311: Work in Slave mode
I (1242) I2S_IF: No paired data, current mode: playback
I (1243) I2S_IF: STD: TX, data_bit: 16, slot_bit: 16, ws_width: 16, slot_mode: MONO, slot_mask: 0x1
I (1245) I2S_IF: STD: TX, sample_rate_hz: 16000, mclk_multiple: 256, clk_src: 6
I (1268) Adev_Codec: Open codec device OK
I (1269) bsp_audio: ES8311 mono audio subsystem initialized successfully
I (1340) bsp_display: SSD1681 1.54-inch EPD initialized successfully
I (1344) bsp_lvgl: LVGL v9 port initialized in 1-bit monochrome mode
I (1344) bsp_lvgl: LVGL background task started (Priority 5, Core 1)
I (1344) bsp_lvgl: LVGL port task active
I (1347) bsp_common: Device Hardware Unique ID: ESP32S3-6ED30FE8
I (1357) bsp_common: ESP32-S3 ePaper Board initialized successfully
I (1363) test_suite: [PASS 1/15] Board Subsystems Initialized Successfully
I (1369) test_suite: [INFO] Device ID: ESP32S3-6ED30FE8, Name: HumidOS-0FE8, Silicon Revision: v0.2 (v0.2)
I (1381) bsp_common: ==================================================
I (1385) bsp_common:   ESP32-S3 ePaper BSP System Diagnostics
I (1390) bsp_common: ==================================================
I (1397) bsp_common:   BSP Version:          0.1.0
I (1401) bsp_common:   Silicon Chip:         ESP32-S3 (v0.2, 2 Cores)
I (1407) bsp_common:   Uptime:               0 s
I (1412) bsp_common:   Internal Heap Free:   217347 B (Min Free: 185316 B)
I (1418) bsp_common:   PSRAM Free:           8384260 B
I (1423) bsp_common:   Battery:              4132 mV (92%)
I (1428) bsp_common:   Power Rail Hold:      ACTIVE (HIGH)
I (1434) bsp_common:   I2C Sensor Bus:       HEALTHY
I (1438) bsp_common:   Display Framebuffer:  INITIALIZED
I (1443) bsp_common:   Wi-Fi Station:        DISCONNECTED (RSSI: 0 dBm)
I (1450) bsp_common: ==================================================
I (1456) test_suite: [PASS 2/15] System Identification & Diagnostics API Verified
I (1465) test_suite: [PASS 3/15] Battery Voltage: 4136 mV (92%)
I (1485) test_suite: [PASS 4/15] SHTC3 Sensor: Temp = 28.70 C (83.65 F), Humidity = 38.43 %RH
I (1486) test_suite: [PASS 5/15] PCF85063A RTC: 2026-09-27 00:18:54 (DOW: 0)
I (1490) bsp_time: Synchronized ESP32 system clock from PCF85063A RTC: 2026-09-27 00:18:54
I (1498) test_suite: [PASS 5/15] PCF85063A 8-Bit NVRAM Read/Write Verified (0xAB)
I (1505) test_suite: [PASS 6/15] RTC Slow Memory Valid: Boot Count=3, Deep Sleeps=0, Light Sleeps=0
I (1513) test_suite: [PASS 6/15] RTC Scratchpad Persistence Verified: 'HumidOS_SelfTest_OK'
I (1521) test_suite: [PASS 7/15] Hardware Buttons (BOOT & POWER) Event Handlers Active
I (1530) test_suite: [PASS 8/15] Audio Codec & Chime Generator Verified
I (1536) bsp_time: System timezone set to: EST5EDT,M3.2.0,M11.1.0
I (1542) test_suite: [PASS 9/15] Time Formats: 24h=[20:18:54, 20:18], 12h=[08:18:54 PM, 08:18 PM]
I (1550) test_suite: [PASS 9/15] Date Formats: Date=[09/26/26], DOW=[Saturday], Full=[09/26/26 Saturday]
I (1559) test_suite: [PASS 10/15] ThingsBoard Telemetry Struct Schema (4 Generic Entries Formatted)
I (1568) test_suite: [PASS 11/15] Unambiguous Keys Generated: 8-char PoP='NZeuiKdy', 6-char Claim='QUWqrU'
I (1579) test_suite: [PASS 12/15] NVS Key-Value Persistence Verified (u32=42, str='HumidOS_NVS_OK')
I (1587) SD_HOST: src_freq_hz: 160000000
E (1617) sdmmc_common: sdmmc_init_ocr: send_op_cond (1) returned 0x107
E (1618) vfs_fat_sdmmc: sdmmc_card_init failed (0x107).
E (1618) vfs_fat_sdmmc: esp_vfs_fat_sdmmc_sdcard_init failed (0x107).
I (1624) bsp_sdcard: No SD card detected in slot
W (1628) test_suite: [SKIP 13/15] MicroSD Slot Empty / Not Inserted (Status: ESP_ERR_NOT_FOUND)
I (1637) bsp_wifi: Initializing Wi-Fi Subsystem (Station Mode)
I (1643) pp: pp rom version: e7ae62f
I (1646) net80211: net80211 rom version: e7ae62f
I (1651) wifi:wifi driver task: 3fcca738, prio:23, stack:6656, core=0
I (1666) wifi:wifi firmware version: e12a754
I (1666) wifi:wifi certification version: v7.0
I (1666) wifi:config NVS flash: enabled
I (1668) wifi:config nano formatting: disabled
I (1672) wifi:Init data frame dynamic rx buffer num: 32
I (1677) wifi:Init static rx mgmt buffer num: 5
I (1681) wifi:Init management short buffer num: 32
I (1686) wifi:Init dynamic tx buffer num: 32
I (1690) wifi:Init static tx FG buffer num: 2
I (1694) wifi:Init static rx buffer size: 1600
I (1698) wifi:Init static rx buffer num: 10
I (1702) wifi:Init dynamic rx buffer num: 32
I (1706) wifi_init: rx ba win: 6
I (1709) wifi_init: accept mbox: 6
I (1712) wifi_init: tcpip mbox: 32
I (1715) wifi_init: udp mbox: 6
I (1718) wifi_init: tcp mbox: 6
I (1721) wifi_init: tcp tx win: 5760
I (1724) wifi_init: tcp rx win: 5760
I (1727) wifi_init: tcp mss: 1440
I (1730) wifi_init: WiFi IRAM OP enabled
I (1734) wifi_init: WiFi RX IRAM OP enabled
I (1738) phy_init: phy_version 712,87e8c20e,Apr 13 2026,18:51:10
I (1777) wifi:mode : sta (ac:27:6e:d3:0f:e8)
I (1777) wifi:enable tsf
I (1778) test_suite: Starting passive Wi-Fi scan...
I (1879) bsp_wifi: Wi-Fi scan completed. Discovered 0 APs
I (1879) test_suite: [PASS 14/15] Wi-Fi Subsystem Operational. Found 0 Access Points in scan
I (1881) test_suite: Rendering Test UI & QR Code to E-Paper display...
I (2395) wifi:new:<6,0>, old:<1,0>, ap:<255,255>, sta:<6,0>, prof:1, snd_ch_cfg:0x0
I (2396) wifi:state: init -> auth (0xb0)
I (2398) wifi:state: auth -> assoc (0x0)
I (2403) wifi:state: assoc -> run (0x10)
I (2410) wifi:<ba-add>idx:0 (ifx:0, 70:8b:cd:5e:4e:f0), tid:0, ssn:0, winSize:64
I (2434) wifi:connected with CyberNet, aid = 12, channel 6, BW20, bssid = 70:8b:cd:5e:4e:f0
I (2435) wifi:security: WPA2-PSK, phy: bgn, rssi: -51, cipher(pairwise:0x3, group:0x3), pmf:0
I (2440) wifi:pm start, type: 1

I (2443) wifi:dp: 1, bi: 102400, li: 3, scale listen interval from 307200 us to 307200 us
I (2451) wifi:set rx beacon pti, rx_bcn_pti: 14, bcn_timeout: 25000, mt_pti: 14, mt_time: 10000
I (2461) bsp_wifi: Associated with AP 'CyberNet' (Channel: 6, BSSID: 70:8B:CD:5E:4E:F0)
I (2535) wifi:AP's beacon interval = 102400 us, DTIM period = 3
I (2798) bsp_prov: Rendered QR code (52x52 px) with payload: {"ver":"v1","name":"PROV_ESP32S3-6ED30FE8","pop":"HumidOS-1.0.0-OK","transport":"ble"}
I (2800) test_suite: [PASS 15/15] E-Paper Display & LVGL Rendering Operational
I (2807) test_suite: ==================================================
I (2813) test_suite:   Testing Light Sleep Modes                        
I (2820) test_suite: ==================================================
I (2826) test_suite: [TEST LS-1] Entering Light Sleep via Internal Timer (3 sec)...
I (2834) wifi:state: run -> init (0x0)
I (2837) wifi:pm stop, total sleep time: 290720 us / 394531 us

I (2843) wifi:<ba-del>idx:0, tid:0
W (2847) bsp_wifi: Wi-Fi disconnected from AP
I (2848) wifi:flush txq
I (2852) wifi:stop sw txq
I (2854) wifi:lmac stop hw txq
I (3424) bsp_power: Entering Light Sleep for 3 seconds...
--- ERROR: ClearCommError failed (PermissionError(13, 'The device does not recognize the command.', None, 22))
--- Waiting for the device to reconnect........
I (837) esp_psram: SPI SRAM memory test OK
I (846) cpu_start: GPIO 44 and 43 are used as console UART I/O pins
I (846) cpu_start: Pro cpu start user code
I (846) cpu_start: cpu freq: 240000000 Hz
I (848) app_init: Application information:
I (852) app_init: Project name:     peripherals_test_suite
I (857) app_init: App version:      2ec4150
I (861) app_init: Compile time:     Sep 26 2026 23:44:04
I (866) app_init: ELF file SHA256:  0779a36f2...
I (870) app_init: ESP-IDF:          v6.1
I (874) efuse_init: Min chip rev:     v0.0
I (878) efuse_init: Max chip rev:     v0.99 
I (882) efuse_init: Chip rev:         v0.2
I (886) heap_init: Initializing. RAM available for dynamic allocation:
I (892) heap_init: At 3FCB74B0 len 00032260 (200 KiB): RAM
I (897) heap_init: At 3FCE9710 len 00005724 (21 KiB): RAM
I (902) heap_init: At 3FCF0000 len 00008000 (32 KiB): DRAM
I (907) heap_init: At 600FE06C len 00001F7C (7 KiB): RTCRAM
I (913) esp_psram: Adding pool of 8192K of PSRAM memory to heap allocator
I (920) spi_flash: detected chip: gd
I (922) spi_flash: flash io: qio
I (926) sleep_gpio: Configure to isolate all GPIO pins in sleep state
I (932) sleep_gpio: Enable automatic switching of GPIO sleep configuration
I (947) main_task: Started on CPU0
I (950) esp_psram: Reserving pool of 32K of internal memory for DMA/internal allocations
I (958) main_task: Calling app_main()
I (961) test_suite: ==================================================
I (967) test_suite:   ESP32-S3 ePaper BSP Full Verification Suite      
I (974) test_suite: ==================================================
I (980) bsp_rtc_mem: RTC Slow Memory valid (Boot count: 4, Deep sleep count: 1)
I (987) test_suite: [BOOT INFO] Reset Reason: 8, Wake Cause: 4, Recommended Mode: 1, Boot Count: 4, Silicon: v0.2
I (997) test_suite: >>> [WAKE 1/2] Processing Deep Sleep Test 1 (Internal Timer -> FAST Mode) <<<
I (1005) bsp_rtc_mem: RTC Slow Memory valid (Boot count: 5, Deep sleep count: 1)
I (1013) bsp_common: Executing Dynamic Init Profile: FAST (Wake Boot)
I (1019) bsp_common: Initializing ESP32-S3 ePaper BSP Subsystems (v0.1.0)...
I (1101) bsp_common: All board IO pins configured and latched to safe defaults
I (1101) bsp_power: Initializing Battery ADC Monitor (GPIO 4 / ADC1_CH3)
I (1103) bsp_power: ADC Calibration curve successfully registered
I (1109) bsp_button: Buttons initialized (BOOT GPIO0, POWER GPIO18)
I (1115) bsp_nvs: Initializing NVS Flash Subsystem
I (1155) bsp_i2c: Shared I2C master bus initialized (SDA: 47, SCL: 48 @ 400kHz)
I (1158) bsp_rtc: PCF85063A RTC initialized (12.5pF crystal, 24h mode, INT pin GPIO 5)
I (1160) bsp_time: Synchronized ESP32 system clock from PCF85063A RTC: 2026-09-27 00:19:08
I (1167) bsp_sensors: Initializing SHTC3 Environmental Sensor on I2C 0x70
I (1175) bsp_sensors: SHTC3 Sensor detected successfully (ID: 0x0887)
I (1250) bsp_display: SSD1681 1.54-inch EPD initialized successfully
I (1254) bsp_lvgl: Wake cycle detected: LVGL first flush configured for fast partial update
I (1254) bsp_lvgl: LVGL v9 port initialized in 1-bit monochrome mode
I (1259) bsp_lvgl: LVGL background task started (Priority 5, Core 1)
I (1259) bsp_lvgl: LVGL port task active
I (1265) bsp_common: Device Hardware Unique ID: ESP32S3-6ED30FE8
I (1275) bsp_common: ESP32-S3 ePaper Board initialized successfully
I (1281) test_suite: [PASS DS-1] Deep Sleep + Internal Timer Wake Verified!
I (1287) test_suite: [STATUS] Deep Sleeps: 1, Light Sleeps: 2, Init Mode: FAST
I (1916) bsp_prov: Rendered QR code (52x52 px) with payload: {"ver":"v1","name":"PROV_ESP32S3-6ED30FE8","pop":"HumidOS-1.0.0-OK","transport":"ble"}
I (3118) test_suite: >>> Entering Deep Sleep Test 2: External PCF85063A RTC (4 sec) -> MIN Init Mode <<<
I (3129) bsp_power: Entering Deep Sleep for 4 seconds...
--- ERROR: ClearCommError failed (PermissionError(13, 'The device does not recognize the command.', None, 22))
--- Waiting for the device to reconnect.
I (999) test_suite: >>> [WAKE 2/2] Processing Deep Sleep Test 2 (External RTC Wake -> MIN Mode) <<<
I (1083) bsp_common: All board IO pins configured and latched to safe defaults
I (1098) bsp_i2c: Shared I2C master bus initialized (SDA: 47, SCL: 48 @ 400kHz)
I (1099) bsp_rtc_mem: RTC Slow Memory valid (Boot count: 7, Deep sleep count: 2)
I (1102) bsp_common: Executing Dynamic Init Profile: MIN (Lean Telemetry + Display)
I (1109) bsp_common: Initializing ESP32-S3 ePaper BSP Subsystems (v0.1.0)...
I (1116) bsp_power: Initializing Battery ADC Monitor (GPIO 4 / ADC1_CH3)
I (1122) bsp_power: ADC Calibration curve successfully registered
I (1128) bsp_button: Buttons initialized (BOOT GPIO0, POWER GPIO18)
I (1134) bsp_nvs: Initializing NVS Flash Subsystem
I (1160) bsp_rtc: PCF85063A RTC initialized (12.5pF crystal, 24h mode, INT pin GPIO 5)
I (1161) bsp_time: Synchronized ESP32 system clock from PCF85063A RTC: 2026-09-27 00:19:11
I (1165) bsp_sensors: Initializing SHTC3 Environmental Sensor on I2C 0x70
I (1173) bsp_sensors: SHTC3 Sensor detected successfully (ID: 0x0887)
I (1248) bsp_display: SSD1681 1.54-inch EPD initialized successfully
I (1252) bsp_lvgl: LVGL v9 port initialized in 1-bit monochrome mode
I (1252) bsp_lvgl: LVGL background task started (Priority 5, Core 1)
I (1252) bsp_lvgl: LVGL port task active
I (1255) bsp_common: Device Hardware Unique ID: ESP32S3-6ED30FE8
I (1265) bsp_common: ESP32-S3 ePaper Board initialized successfully
I (1271) test_suite: [PASS DS-2] Deep Sleep + External PCF85063A RTC Wake Verified! (TF=0)
I (1279) test_suite: [STATUS] Deep Sleeps: 2, Light Sleeps: 2, Init Mode: MIN
I (2706) bsp_prov: Rendered QR code (52x52 px) with payload: {"ver":"v1","name":"PROV_ESP32S3-6ED30FE8","pop":"HumidOS-1.0.0-OK","transport":"ble"}
I (2708) test_suite: ==================================================
I (2714) test_suite:   ALL STATIC & SLEEP/WAKE TESTS PASSED 100%       
I (2721) test_suite: ==================================================
I (7775) bsp_prov: Rendered QR code (52x52 px) with payload: {"ver":"v1","name":"PROV_ESP32S3-6ED30FE8","pop":"HumidOS-1.0.0-OK","transport":"ble"}
I (7777) test_suite: [Heartbeat 1] System Normal. Silicon: v0.2, Deep Sleeps: 2, Light Sleeps: 2
I (12834) bsp_prov: Rendered QR code (52x52 px) with payload: {"ver":"v1","name":"PROV_ESP32S3-6ED30FE8","pop":"HumidOS-1.0.0-OK","transport":"ble"}
I (12836) test_suite: [Heartbeat 2] System Normal. Silicon: v0.2, Deep Sleeps: 2, Light Sleeps: 2

---

I (356848) test_suite: [Heartbeat 70] System Normal. Silicon: v0.2, Deep Sleeps: 2, Light Sleeps: 2
I (358548) test_suite: >>> Button Event: [BOOT] -> CLICK <<<
I (358548) test_suite: >>> Triggering Interactive Light Sleep (5 sec)... <<<
I (358559) bsp_power: Entering Light Sleep for 5 seconds...

<device never woke up>