--- WARNING: GDB cannot open serial ports accessed as COMx
--- NOTE: Using \\.\COM3 instead...
--- esp-idf-monitor 1.10.0 on \\.\COM3 115200
--- Quit: Ctrl+] | Menu: Ctrl+T | Help: Ctrl+T followed by Ctrl+H
ESP-ROM:esp32s3-20210327
Build:Mar 27 2021
rst:0x15 (USB_UART_CHIP_RESET),boot:0x2b (SPI_FAST_FLASH_BOOT)
Saved PC:0x4037edca
--- 0x4037edca: esp_cpu_wait_for_intr at C:/esp/v6.1/esp-idf/components/esp_hw_support/cpu.c:64
SPIWP:0xee
mode:DIO, clock div:1
load:0x3fce2820,len:0x1664
load:0x403c8700,len:0xf7c
load:0x403cb700,len:0x31ec
entry 0x403c892c
I (24) boot: ESP-IDF v6.1 2nd stage bootloader
I (24) boot: compile time Sep 26 2026 19:57:36
I (25) boot: Multicore bootloader
I (25) boot: chip revision: v0.2
I (27) boot: efuse block revision: v1.4
I (31) qio_mode: Enabling default flash chip QIO
I (35) boot.esp32s3: Boot SPI Speed : 80MHz
I (39) boot.esp32s3: SPI Mode       : QIO
I (43) boot.esp32s3: SPI Flash Size : 8MB
I (47) boot: Enabling RNG early entropy source...
I (51) boot: Partition Table:
I (54) boot: ## Label            Usage          Type ST Offset   Length
I (60) boot:  0 nvs              WiFi data        01 02 00009000 00014000
I (67) boot:  1 otadata          OTA data         01 00 0001d000 00002000
I (73) boot:  2 phy_init         RF data          01 01 0001f000 00001000
I (80) boot:  3 ota_0            OTA app          00 10 00020000 00300000
I (86) boot:  4 ota_1            OTA app          00 11 00320000 00300000
I (93) boot:  5 storage          Unknown data     01 82 00620000 001e0000
I (99) boot: End of partition table
I (103) esp_image: segment 0: paddr=00020020 vaddr=3c100020 size=302dch (197340) map
I (141) esp_image: segment 1: paddr=00050304 vaddr=3fc9d100 size=05b7ch ( 23420) load
I (145) esp_image: segment 2: paddr=00055e88 vaddr=40374000 size=0a190h ( 41360) load
I (154) esp_image: segment 3: paddr=00060020 vaddr=42000020 size=fc5e0h (1033696) map
I (314) esp_image: segment 4: paddr=0015c608 vaddr=4037e190 size=0ef14h ( 61204) load
I (327) esp_image: segment 5: paddr=0016b524 vaddr=50000000 size=0008ch (   140) load
I (327) esp_image: segment 6: paddr=0016b5b8 vaddr=600fe000 size=0006ch (   108) load
I (341) boot: Loaded app from partition at offset 0x20000
I (342) boot: Disabling RNG early entropy source...
I (353) octal_psram: vendor id    : 0x0d (AP)
I (353) octal_psram: dev id       : 0x02 (generation 3)
I (353) octal_psram: density      : 0x03 (64 Mbit)
I (355) octal_psram: good-die     : 0x01 (Pass)
I (359) octal_psram: Latency      : 0x01 (Fixed)
I (363) octal_psram: VCC          : 0x01 (3V)
I (367) octal_psram: SRF          : 0x01 (Fast Refresh)
I (372) octal_psram: BurstType    : 0x01 (Hybrid Wrap)
I (377) octal_psram: BurstLen     : 0x01 (32 Byte)
I (382) octal_psram: Readlatency  : 0x02 (10 cycles@Fixed)
I (387) octal_psram: DriveStrength: 0x00 (1/1)
I (391) MSPI Timing: Enter psram timing tuning
I (396) esp_psram: Found 8MB PSRAM device
I (399) esp_psram: Speed: 80MHz
I (402) cpu_start: Multicore app
I (831) esp_psram: SPI SRAM memory test OK
I (839) cpu_start: GPIO 44 and 43 are used as console UART I/O pins
I (840) cpu_start: Pro cpu start user code
I (840) cpu_start: cpu freq: 240000000 Hz
I (842) app_init: Application information:
I (845) app_init: Project name:     peripherals_test_suite
I (851) app_init: App version:      2ec4150
I (855) app_init: Compile time:     Sep 26 2026 23:44:04
I (860) app_init: ELF file SHA256:  3b61ab2f7...
I (864) app_init: ESP-IDF:          v6.1
I (868) efuse_init: Min chip rev:     v0.0
I (871) efuse_init: Max chip rev:     v0.99 
I (875) efuse_init: Chip rev:         v0.2
I (879) heap_init: Initializing. RAM available for dynamic allocation:
I (885) heap_init: At 3FCB74B0 len 00032260 (200 KiB): RAM
I (891) heap_init: At 3FCE9710 len 00005724 (21 KiB): RAM
I (896) heap_init: At 3FCF0000 len 00008000 (32 KiB): DRAM
I (901) heap_init: At 600FE06C len 00001F7C (7 KiB): RTCRAM
I (906) esp_psram: Adding pool of 8192K of PSRAM memory to heap allocator
I (913) spi_flash: detected chip: gd
I (916) spi_flash: flash io: qio
I (920) sleep_gpio: Configure to isolate all GPIO pins in sleep state
I (925) sleep_gpio: Enable automatic switching of GPIO sleep configuration
I (941) main_task: Started on CPU0
I (944) esp_psram: Reserving pool of 32K of internal memory for DMA/internal allocations
I (952) main_task: Calling app_main()
I (955) test_suite: ==================================================
I (961) test_suite:   ESP32-S3 ePaper BSP Full Verification Suite      
I (968) test_suite: ==================================================
I (974) bsp_rtc_mem: RTC Slow Memory uninitialized or invalid (magic 0x00000000); re-initializing
I (982) test_suite: [BOOT INFO] Reset Reason: 11, Wake Cause: 0, Recommended Mode: 0, Boot Count: 1, Silicon: v0.2
I (993) test_suite: >>> [COLD BOOT] Initializing All Hardware Subsystems (FULL Mode) <<<
I (1000) bsp_rtc_mem: RTC Slow Memory valid (Boot count: 2, Deep sleep count: 0)
I (1007) bsp_rtc_mem: RTC Slow Memory valid (Boot count: 3, Deep sleep count: 0)
I (1015) bsp_common: Executing Dynamic Init Profile: FULL (Cold Boot)
I (1021) bsp_common: Initializing ESP32-S3 ePaper BSP Subsystems (v0.1.0)...
I (1103) bsp_common: All board IO pins configured and latched to safe defaults
I (1103) bsp_power: Initializing Battery ADC Monitor (GPIO 4 / ADC1_CH3)
I (1105) bsp_power: ADC Calibration curve successfully registered
I (1111) bsp_button: Buttons initialized (BOOT GPIO0, POWER GPIO18)
I (1117) bsp_nvs: Initializing NVS Flash Subsystem
I (1157) bsp_i2c: Shared I2C master bus initialized (SDA: 47, SCL: 48 @ 400kHz)
I (1160) bsp_rtc: PCF85063A RTC initialized (12.5pF crystal, 24h mode, INT pin GPIO 5)
I (1161) bsp_sensors: Initializing SHTC3 Environmental Sensor on I2C 0x70
I (1169) bsp_sensors: SHTC3 Sensor detected successfully (ID: 0x0887)
I (1231) ES8311: Work in Slave mode
I (1234) I2S_IF: No paired data, current mode: playback
I (1234) I2S_IF: STD: TX, data_bit: 16, slot_bit: 16, ws_width: 16, slot_mode: MONO, slot_mask: 0x1
I (1237) I2S_IF: STD: TX, sample_rate_hz: 16000, mclk_multiple: 256, clk_src: 6
I (1260) Adev_Codec: Open codec device OK
I (1260) bsp_audio: ES8311 mono audio subsystem initialized successfully
I (1332) bsp_display: SSD1681 1.54-inch EPD initialized successfully
I (1335) bsp_lvgl: LVGL v9 port initialized in 1-bit monochrome mode
I (1336) bsp_lvgl: LVGL background task started (Priority 5, Core 1)
I (1336) bsp_lvgl: LVGL port task active
I (1339) bsp_common: Device Hardware Unique ID: ESP32S3-6ED30FE8
I (1349) bsp_common: ESP32-S3 ePaper Board initialized successfully
I (1355) test_suite: [PASS 1/15] Board Subsystems Initialized Successfully
I (1361) test_suite: [INFO] Device ID: ESP32S3-6ED30FE8, Name: HumidOS-0FE8, Silicon Revision: v0.2 (v0.2)
I (1373) bsp_common: ==================================================
I (1377) bsp_common:   ESP32-S3 ePaper BSP System Diagnostics
I (1382) bsp_common: ==================================================
I (1389) bsp_common:   BSP Version:          0.1.0
I (1393) bsp_common:   Silicon Chip:         ESP32-S3 (v0.2, 2 Cores)
I (1399) bsp_common:   Uptime:               0 s
I (1404) bsp_common:   Internal Heap Free:   217523 B (Min Free: 185492 B)
I (1410) bsp_common:   PSRAM Free:           8384260 B
I (1415) bsp_common:   Battery:              4142 mV (93%)
I (1420) bsp_common:   Power Rail Hold:      INACTIVE
I (1425) bsp_common:   I2C Sensor Bus:       HEALTHY
I (1430) bsp_common:   Display Framebuffer:  INITIALIZED
I (1435) bsp_common:   Wi-Fi Station:        DISCONNECTED (RSSI: 0 dBm)
I (1441) bsp_common: ==================================================
I (1448) test_suite: [PASS 2/15] System Identification & Diagnostics API Verified
I (1456) test_suite: [PASS 3/15] Battery Voltage: 4140 mV (93%)
I (1477) test_suite: [PASS 4/15] SHTC3 Sensor: Temp = 33.07 C (91.52 F), Humidity = 33.86 %RH
I (1478) test_suite: [PASS 5/15] PCF85063A RTC: 2026-09-26 23:45:10 (DOW: 6)
I (1482) test_suite: [PASS 5/15] PCF85063A 8-Bit NVRAM Read/Write Verified (0xAB)
I (1488) test_suite: [PASS 6/15] RTC Slow Memory Valid: Boot Count=3, Deep Sleeps=0, Light Sleeps=0
I (1497) test_suite: [PASS 6/15] RTC Scratchpad Persistence Verified: 'HumidOS_SelfTest_OK'
I (1505) test_suite: [PASS 7/15] Hardware Buttons (BOOT & POWER) Event Handlers Active
I (1514) test_suite: [PASS 8/15] Audio Codec & Chime Generator Verified
I (1520) bsp_time: System timezone set to: EST5EDT,M3.2.0,M11.1.0
I (1526) test_suite: [PASS 9/15] Time Formats: 24h=[23:26:30, 23:26], 12h=[11:26:30 PM, 11:26 PM]
I (1534) test_suite: [PASS 9/15] Date Formats: Date=[12/31/69], DOW=[Wednesday], Full=[12/31/69 Wednesday]
I (1544) test_suite: [PASS 10/15] ThingsBoard Telemetry Struct Schema (4 Generic Entries Formatted)
I (1552) test_suite: [PASS 11/15] Unambiguous Keys Generated: 8-char PoP='76CTqPHJ', 6-char Claim='9yGJe8'
I (1563) test_suite: [PASS 12/15] NVS Key-Value Persistence Verified (u32=42, str='HumidOS_NVS_OK')
I (1571) SD_HOST: src_freq_hz: 160000000
E (1601) sdmmc_common: sdmmc_init_ocr: send_op_cond (1) returned 0x107
E (1602) vfs_fat_sdmmc: sdmmc_card_init failed (0x107).
E (1602) vfs_fat_sdmmc: esp_vfs_fat_sdmmc_sdcard_init failed (0x107).
I (1608) bsp_sdcard: No SD card detected in slot
W (1612) test_suite: [SKIP 13/15] MicroSD Slot Empty / Not Inserted (Status: ESP_ERR_NOT_FOUND)
I (1621) bsp_wifi: Initializing Wi-Fi Subsystem (Station Mode)
I (1627) pp: pp rom version: e7ae62f
I (1630) net80211: net80211 rom version: e7ae62f
I (1635) wifi:wifi driver task: 3fcca738, prio:23, stack:6656, core=0
I (1650) wifi:wifi firmware version: e12a754
I (1650) wifi:wifi certification version: v7.0
I (1650) wifi:config NVS flash: enabled
I (1652) wifi:config nano formatting: disabled
I (1656) wifi:Init data frame dynamic rx buffer num: 32
I (1661) wifi:Init static rx mgmt buffer num: 5
I (1665) wifi:Init management short buffer num: 32
I (1670) wifi:Init dynamic tx buffer num: 32
I (1674) wifi:Init static tx FG buffer num: 2
I (1678) wifi:Init static rx buffer size: 1600
I (1682) wifi:Init static rx buffer num: 10
I (1686) wifi:Init dynamic rx buffer num: 32
I (1690) wifi_init: rx ba win: 6
I (1693) wifi_init: accept mbox: 6
I (1696) wifi_init: tcpip mbox: 32
I (1699) wifi_init: udp mbox: 6
I (1702) wifi_init: tcp mbox: 6
I (1705) wifi_init: tcp tx win: 5760
I (1708) wifi_init: tcp rx win: 5760
I (1711) wifi_init: tcp mss: 1440
I (1714) wifi_init: WiFi IRAM OP enabled
I (1718) wifi_init: WiFi RX IRAM OP enabled
I (1722) test_suite: Starting passive Wi-Fi scan...
I (1726) test_suite: [PASS 14/15] Wi-Fi Subsystem Operational. Found 0 Access Points in scan
I (1735) test_suite: Rendering Test UI & QR Code to E-Paper display...
I (2789) bsp_prov: Rendered QR code (52x52 px) with payload: {"ver":"v1","name":"PROV_ESP32S3-6ED30FE8","pop":"HumidOS-1.0.0-OK","transport":"ble"}
I (2792) test_suite: [PASS 15/15] E-Paper Display & LVGL Rendering Operational
I (2799) test_suite: ==================================================
I (2805) test_suite:   Testing Light Sleep Modes                        
I (2811) test_suite: ==================================================
I (2818) test_suite: [TEST LS-1] Entering Light Sleep via Internal Timer (3 sec)...
I (3416) bsp_power: Entering Light Sleep for 3 seconds...
--- ERROR: ClearCommError failed (PermissionError(13, 'The device does not recognize the command.', None, 22))
--- Waiting for the device to reconnect.
I (1007) bsp_rtc_mem: RTC Slow Memory valid (Boot count: 5, Deep sleep count: 1)
I (1015) bsp_common: Executing Dynamic Init Profile: FAST (Wake Boot)
I (1021) bsp_common: Initializing ESP32-S3 ePaper BSP Subsystems (v0.1.0)...
I (1103) bsp_common: All board IO pins configured and latched to safe defaults
I (1103) bsp_power: Initializing Battery ADC Monitor (GPIO 4 / ADC1_CH3)
I (1105) bsp_power: ADC Calibration curve successfully registered
I (1111) bsp_button: Buttons initialized (BOOT GPIO0, POWER GPIO18)
I (1117) bsp_nvs: Initializing NVS Flash Subsystem
I (1157) bsp_i2c: Shared I2C master bus initialized (SDA: 47, SCL: 48 @ 400kHz)
W (1518) bsp_rtc: PCF85063A not responding on I2C address 0x51
W (1518) bsp_common: RTC initialization returned: ESP_ERR_NOT_FOUND
I (1518) bsp_sensors: Initializing SHTC3 Environmental Sensor on I2C 0x70
E (1726) bsp_sensors: Failed to write Read ID command to SHTC3: ESP_ERR_INVALID_RESPONSE
W (1726) bsp_common: Sensors initialization returned: ESP_ERR_INVALID_RESPONSE
I (1799) bsp_display: SSD1681 1.54-inch EPD initialized successfully
I (1803) bsp_lvgl: Wake cycle detected: LVGL first flush configured for fast partial update
I (1803) bsp_lvgl: LVGL v9 port initialized in 1-bit monochrome mode
I (1808) bsp_lvgl: LVGL background task started (Priority 5, Core 1)
I (1808) bsp_lvgl: LVGL port task active
I (1814) bsp_common: Device Hardware Unique ID: ESP32S3-6ED30FE8
I (1824) bsp_common: ESP32-S3 ePaper Board initialized successfully
I (1830) test_suite: [PASS DS-1] Deep Sleep + Internal Timer Wake Verified!
I (1836) test_suite: [STATUS] Deep Sleeps: 1, Light Sleeps: 2, Init Mode: FAST
I (2465) bsp_prov: Rendered QR code (52x52 px) with payload: {"ver":"v1","name":"PROV_ESP32S3-6ED30FE8","pop":"HumidOS-1.0.0-OK","transport":"ble"}
I (3667) test_suite: >>> Entering Deep Sleep Test 2: External PCF85063A RTC (4 sec) -> MIN Init Mode <<<
E (3683) i2c.master: I2C transaction timeout detected
E (3890) i2c.master: I2C transaction timeout detected
E (4098) i2c.master: I2C transaction timeout detected
I (4098) bsp_power: Entering Deep Sleep for 4 seconds...
--- ERROR: ClearCommError failed (PermissionError(13, 'The device does not recognize the command.', None, 22))
--- Waiting for the device to reconnect.
I (1083) bsp_common: All board IO pins configured and latched to safe defaults
I (1098) bsp_i2c: Shared I2C master bus initialized (SDA: 47, SCL: 48 @ 400kHz)
I (1199) bsp_rtc_mem: RTC Slow Memory valid (Boot count: 7, Deep sleep count: 2)
I (1199) bsp_common: Executing Dynamic Init Profile: MIN (Lean Telemetry + Display)
I (1202) bsp_common: Initializing ESP32-S3 ePaper BSP Subsystems (v0.1.0)...
I (1209) bsp_power: Initializing Battery ADC Monitor (GPIO 4 / ADC1_CH3)
I (1216) bsp_power: ADC Calibration curve successfully registered
I (1221) bsp_button: Buttons initialized (BOOT GPIO0, POWER GPIO18)
I (1227) bsp_nvs: Initializing NVS Flash Subsystem
E (1378) i2c.master: I2C transaction timeout detected
E (1404) i2c.master: I2C transaction timeout detected
W (1424) bsp_rtc: PCF85063A not responding on I2C address 0x51
W (1424) bsp_common: RTC initialization returned: ESP_ERR_NOT_FOUND
I (1424) bsp_sensors: Initializing SHTC3 Environmental Sensor on I2C 0x70
E (1438) i2c.master: I2C transaction timeout detected
E (1539) bsp_sensors: Failed to write Read ID command to SHTC3: ESP_ERR_INVALID_RESPONSE
W (1539) bsp_common: Sensors initialization returned: ESP_ERR_INVALID_RESPONSE
I (1612) bsp_display: SSD1681 1.54-inch EPD initialized successfully
I (1615) bsp_lvgl: LVGL v9 port initialized in 1-bit monochrome mode
I (1616) bsp_lvgl: LVGL background task started (Priority 5, Core 1)
I (1616) bsp_lvgl: LVGL port task active
I (1619) bsp_common: Device Hardware Unique ID: ESP32S3-6ED30FE8
I (1629) bsp_common: ESP32-S3 ePaper Board initialized successfully
I (1635) test_suite: [PASS DS-2] Deep Sleep + External PCF85063A RTC Wake Verified! (TF=0)
I (1643) test_suite: [STATUS] Deep Sleeps: 2, Light Sleeps: 2, Init Mode: MIN
I (3069) bsp_prov: Rendered QR code (52x52 px) with payload: {"ver":"v1","name":"PROV_ESP32S3-6ED30FE8","pop":"HumidOS-1.0.0-OK","transport":"ble"}
I (3072) test_suite: ==================================================
I (3078) test_suite:   ALL STATIC & SLEEP/WAKE TESTS PASSED 100%       
I (3084) test_suite: ==================================================
I (8138) bsp_prov: Rendered QR code (52x52 px) with payload: {"ver":"v1","name":"PROV_ESP32S3-6ED30FE8","pop":"HumidOS-1.0.0-OK","transport":"ble"}
I (8140) test_suite: [Heartbeat 1] System Normal. Silicon: v0.2, Deep Sleeps: 2, Light Sleeps: 2
I (13196) bsp_prov: Rendered QR code (52x52 px) with payload: {"ver":"v1","name":"PROV_ESP32S3-6ED30FE8","pop":"HumidOS-1.0.0-OK","transport":"ble"}
I (13199) test_suite: [Heartbeat 2] System Normal. Silicon: v0.2, Deep Sleeps: 2, Light Sleeps: 2
I (18254) bsp_prov: Rendered QR code (52x52 px) with payload: {"ver":"v1","name":"PROV_ESP32S3-6ED30FE8","pop":"HumidOS-1.0.0-OK","transport":"ble"}
I (18257) test_suite: [Heartbeat 3] System Normal. Silicon: v0.2, Deep Sleeps: 2, Light Sleeps: 2
I (23312) bsp_prov: Rendered QR code (52x52 px) with payload: {"ver":"v1","name":"PROV_ESP32S3-6ED30FE8","pop":"HumidOS-1.0.0-OK","transport":"ble"}